------------------------------------------------------------
TimeQuest Timing Analyzer Summary
------------------------------------------------------------

Type  : Slow 1100mV 85C Model Setup 'CLOCK_50'
Slack : 1.498
TNS   : 0.000

Type  : Slow 1100mV 85C Model Setup 'display|c25_gen|clock25_pll_inst|altera_pll_i|general[0].gpll~PLL_OUTPUT_COUNTER|divclk'
Slack : 13.407
TNS   : 0.000

Type  : Slow 1100mV 85C Model Setup 'clk_vga'
Slack : 25.667
TNS   : 0.000

Type  : Slow 1100mV 85C Model Hold 'CLOCK_50'
Slack : 0.096
TNS   : 0.000

Type  : Slow 1100mV 85C Model Hold 'display|c25_gen|clock25_pll_inst|altera_pll_i|general[0].gpll~PLL_OUTPUT_COUNTER|divclk'
Slack : 0.384
TNS   : 0.000

Type  : Slow 1100mV 85C Model Hold 'clk_vga'
Slack : 8.698
TNS   : 0.000

Type  : Slow 1100mV 85C Model Minimum Pulse Width 'display|c25_gen|clock25_pll_inst|altera_pll_i|general[0].gpll~FRACTIONAL_PLL|vcoph[0]'
Slack : 1.666
TNS   : 0.000

Type  : Slow 1100mV 85C Model Minimum Pulse Width 'CLOCK_50'
Slack : 8.972
TNS   : 0.000

Type  : Slow 1100mV 85C Model Minimum Pulse Width 'display|c25_gen|clock25_pll_inst|altera_pll_i|general[0].gpll~PLL_OUTPUT_COUNTER|divclk'
Slack : 19.280
TNS   : 0.000

Type  : Slow 1100mV 0C Model Setup 'CLOCK_50'
Slack : 1.061
TNS   : 0.000

Type  : Slow 1100mV 0C Model Setup 'display|c25_gen|clock25_pll_inst|altera_pll_i|general[0].gpll~PLL_OUTPUT_COUNTER|divclk'
Slack : 13.762
TNS   : 0.000

Type  : Slow 1100mV 0C Model Setup 'clk_vga'
Slack : 26.097
TNS   : 0.000

Type  : Slow 1100mV 0C Model Hold 'CLOCK_50'
Slack : 0.083
TNS   : 0.000

Type  : Slow 1100mV 0C Model Hold 'display|c25_gen|clock25_pll_inst|altera_pll_i|general[0].gpll~PLL_OUTPUT_COUNTER|divclk'
Slack : 0.376
TNS   : 0.000

Type  : Slow 1100mV 0C Model Hold 'clk_vga'
Slack : 8.477
TNS   : 0.000

Type  : Slow 1100mV 0C Model Minimum Pulse Width 'display|c25_gen|clock25_pll_inst|altera_pll_i|general[0].gpll~FRACTIONAL_PLL|vcoph[0]'
Slack : 1.666
TNS   : 0.000

Type  : Slow 1100mV 0C Model Minimum Pulse Width 'CLOCK_50'
Slack : 8.950
TNS   : 0.000

Type  : Slow 1100mV 0C Model Minimum Pulse Width 'display|c25_gen|clock25_pll_inst|altera_pll_i|general[0].gpll~PLL_OUTPUT_COUNTER|divclk'
Slack : 19.232
TNS   : 0.000

Type  : Fast 1100mV 85C Model Setup 'CLOCK_50'
Slack : 10.307
TNS   : 0.000

Type  : Fast 1100mV 85C Model Setup 'display|c25_gen|clock25_pll_inst|altera_pll_i|general[0].gpll~PLL_OUTPUT_COUNTER|divclk'
Slack : 14.739
TNS   : 0.000

Type  : Fast 1100mV 85C Model Setup 'clk_vga'
Slack : 31.103
TNS   : 0.000

Type  : Fast 1100mV 85C Model Hold 'CLOCK_50'
Slack : 0.020
TNS   : 0.000

Type  : Fast 1100mV 85C Model Hold 'display|c25_gen|clock25_pll_inst|altera_pll_i|general[0].gpll~PLL_OUTPUT_COUNTER|divclk'
Slack : 0.184
TNS   : 0.000

Type  : Fast 1100mV 85C Model Hold 'clk_vga'
Slack : 4.613
TNS   : 0.000

Type  : Fast 1100mV 85C Model Minimum Pulse Width 'display|c25_gen|clock25_pll_inst|altera_pll_i|general[0].gpll~FRACTIONAL_PLL|vcoph[0]'
Slack : 1.666
TNS   : 0.000

Type  : Fast 1100mV 85C Model Minimum Pulse Width 'CLOCK_50'
Slack : 8.892
TNS   : 0.000

Type  : Fast 1100mV 85C Model Minimum Pulse Width 'display|c25_gen|clock25_pll_inst|altera_pll_i|general[0].gpll~PLL_OUTPUT_COUNTER|divclk'
Slack : 19.541
TNS   : 0.000

Type  : Fast 1100mV 0C Model Setup 'CLOCK_50'
Slack : 10.766
TNS   : 0.000

Type  : Fast 1100mV 0C Model Setup 'display|c25_gen|clock25_pll_inst|altera_pll_i|general[0].gpll~PLL_OUTPUT_COUNTER|divclk'
Slack : 15.598
TNS   : 0.000

Type  : Fast 1100mV 0C Model Setup 'clk_vga'
Slack : 31.711
TNS   : 0.000

Type  : Fast 1100mV 0C Model Hold 'CLOCK_50'
Slack : -0.003
TNS   : -0.003

Type  : Fast 1100mV 0C Model Hold 'display|c25_gen|clock25_pll_inst|altera_pll_i|general[0].gpll~PLL_OUTPUT_COUNTER|divclk'
Slack : 0.176
TNS   : 0.000

Type  : Fast 1100mV 0C Model Hold 'clk_vga'
Slack : 4.273
TNS   : 0.000

Type  : Fast 1100mV 0C Model Minimum Pulse Width 'display|c25_gen|clock25_pll_inst|altera_pll_i|general[0].gpll~FRACTIONAL_PLL|vcoph[0]'
Slack : 1.666
TNS   : 0.000

Type  : Fast 1100mV 0C Model Minimum Pulse Width 'CLOCK_50'
Slack : 8.844
TNS   : 0.000

Type  : Fast 1100mV 0C Model Minimum Pulse Width 'display|c25_gen|clock25_pll_inst|altera_pll_i|general[0].gpll~PLL_OUTPUT_COUNTER|divclk'
Slack : 19.533
TNS   : 0.000

------------------------------------------------------------
